******************************************************************************
                  TI ARM Linker PC v16.9.4                     
******************************************************************************
>> Linked Tue Jan 08 00:04:10 2019

OUTPUT FILE NAME:   <ble5_simple_peripheral_cc2640r2lp_app.out>
ENTRY POINT SYMBOL: "ResetISR"  address: 000113dd


MEMORY CONFIGURATION

         name            origin    length      used     unused   attr    fill
----------------------  --------  ---------  --------  --------  ----  --------
  FLASH                 00000000   0001f000  00017236  00007dca  R  X
  FLASH_LAST_PAGE       0001f000   00001000  00000058  00000fa8  R  X
  SRAM                  20000000   00004400  00002c6c  00001794  RW X


SEGMENT ALLOCATION MAP

run origin  load origin   length   init length attrs members
----------  ----------- ---------- ----------- ----- -------
00000000    00000000    0001623c   0001623c    r-x
  00000000    00000000    0000003c   0000003c    r-- .resetVecs
  0000003c    0000003c    00000fc4   00000fc4    r-x .text.1
  00001000    00001000    00000028   00000028    r-- .const:ti_sysbios_heaps_HeapMem_Module__FXNS__C
  00001028    00001028    00000024   00000024    r-- .const:ti_sysbios_gates_GateHwi_Module__FXNS__C
  0000104c    0000104c    00000024   00000024    r-- .const:ti_sysbios_gates_GateMutex_Module__FXNS__C
  00001070    00001070    00000020   00000020    r-- .const:ti_sysbios_family_arm_m3_Hwi_Object__DESC__C
  00001090    00001090    00000020   00000020    r-- .const:ti_sysbios_gates_GateHwi_Object__DESC__C
  000010b0    000010b0    00000020   00000020    r-- .const:ti_sysbios_gates_GateMutex_Object__DESC__C
  000010d0    000010d0    00000020   00000020    r-- .const:ti_sysbios_hal_Hwi_Object__DESC__C
  000010f0    000010f0    00000020   00000020    r-- .const:ti_sysbios_heaps_HeapMem_Object__DESC__C
  00001110    00001110    00000020   00000020    r-- .const:ti_sysbios_knl_Clock_Object__DESC__C
  00001130    00001130    00000020   00000020    r-- .const:ti_sysbios_knl_Event_Object__DESC__C
  00001150    00001150    00000020   00000020    r-- .const:ti_sysbios_knl_Mailbox_Object__DESC__C
  00001170    00001170    00000020   00000020    r-- .const:ti_sysbios_knl_Queue_Object__DESC__C
  00001190    00001190    00000020   00000020    r-- .const:ti_sysbios_knl_Semaphore_Object__DESC__C
  000011b0    000011b0    00000020   00000020    r-- .const:ti_sysbios_knl_Swi_Object__DESC__C
  000011d0    000011d0    00000020   00000020    r-- .const:ti_sysbios_knl_Task_Object__DESC__C
  000011f0    000011f0    00000008   00000008    r-- .const:ti_sysbios_knl_Idle_funcList__C
  000011f8    000011f8    00000004   00000004    r-- .const:ti_sysbios_family_arm_cc26xx_Timer_startupNeeded__C
  000011fc    000011fc    00000004   00000004    r-- .const:ti_sysbios_family_arm_m3_Hwi_E_alreadyDefined__C
  00001200    00001200    00000004   00000004    r-- .const:ti_sysbios_family_arm_m3_Hwi_E_hwiLimitExceeded__C
  00001204    00001204    00000004   00000004    r-- .const:ti_sysbios_family_arm_m3_Hwi_NUM_INTERRUPTS__C
  00001208    00001208    00000004   00000004    r-- .const:ti_sysbios_family_arm_m3_Hwi_Object__count__C
  0000120c    0000120c    00000004   00000004    r-- .const:ti_sysbios_family_arm_m3_Hwi_Object__table__C
  00001210    00001210    00000004   00000004    r-- .const:ti_sysbios_family_arm_m3_Hwi_ccr__C
  00001214    00001214    00000004   00000004    r-- .const:ti_sysbios_family_arm_m3_Hwi_excHandlerFunc__C
  00001218    00001218    00000004   00000004    r-- .const:ti_sysbios_family_arm_m3_Hwi_nullIsrFunc__C
  0000121c    0000121c    00000004   00000004    r-- .const:ti_sysbios_family_arm_m3_Hwi_numSparseInterrupts__C
  00001220    00001220    00000004   00000004    r-- .const:ti_sysbios_family_arm_m3_Hwi_priGroup__C
  00001224    00001224    00000004   00000004    r-- .const:ti_sysbios_family_arm_m3_TaskSupport_stackAlignment__C
  00001228    00001228    00000004   00000004    r-- .const:ti_sysbios_heaps_HeapMem_E_memory__C
  0000122c    0000122c    00000004   00000004    r-- .const:ti_sysbios_heaps_HeapMem_Module__gateObj__C
  00001230    00001230    00000004   00000004    r-- .const:ti_sysbios_heaps_HeapMem_Object__count__C
  00001234    00001234    00000004   00000004    r-- .const:ti_sysbios_heaps_HeapMem_Object__table__C
  00001238    00001238    00000004   00000004    r-- .const:ti_sysbios_heaps_HeapMem_reqAlign__C
  0000123c    0000123c    00000004   00000004    r-- .const:ti_sysbios_knl_Clock_triggerClock__C
  00001240    00001240    00000004   00000004    r-- .const:ti_sysbios_knl_Mailbox_Object__count__C
  00001244    00001244    00000004   00000004    r-- .const:ti_sysbios_knl_Mailbox_Object__table__C
  00001248    00001248    00000004   00000004    r-- .const:ti_sysbios_knl_Mailbox_maxTypeAlign__C
  0000124c    0000124c    00000004   00000004    r-- .const:ti_sysbios_knl_Queue_Object__count__C
  00001250    00001250    00000004   00000004    r-- .const:ti_sysbios_knl_Queue_Object__table__C
  00001254    00001254    00000004   00000004    r-- .const:ti_sysbios_knl_Semaphore_eventPost__C
  00001258    00001258    00000004   00000004    r-- .const:ti_sysbios_knl_Semaphore_eventSync__C
  0000125c    0000125c    00000004   00000004    r-- .const:ti_sysbios_knl_Swi_Object__count__C
  00001260    00001260    00000004   00000004    r-- .const:ti_sysbios_knl_Swi_Object__table__C
  00001264    00001264    00000004   00000004    r-- .const:ti_sysbios_knl_Swi_numPriorities__C
  00001268    00001268    00000004   00000004    r-- .const:ti_sysbios_knl_Task_Object__count__C
  0000126c    0000126c    00000004   00000004    r-- .const:ti_sysbios_knl_Task_Object__table__C
  00001270    00001270    00000004   00000004    r-- .const:ti_sysbios_knl_Task_allBlockedFunc__C
  00001274    00001274    00000004   00000004    r-- .const:ti_sysbios_knl_Task_defaultStackHeap__C
  00001278    00001278    00000004   00000004    r-- .const:ti_sysbios_knl_Task_defaultStackSize__C
  0000127c    0000127c    00000004   00000004    r-- .const:ti_sysbios_knl_Task_numConstructedTasks__C
  00001280    00001280    00000002   00000002    r-- .const:ti_sysbios_family_arm_cc26xx_Timer_Module__id__C
  00001282    00001282    00000002   00000002    r-- .const:ti_sysbios_family_arm_cc26xx_TimestampProvider_useClockTimer__C
  00001284    00001284    00000002   00000002    r-- .const:ti_sysbios_family_arm_m3_Hwi_Module__id__C
  00001286    00001286    00000002   00000002    r-- .const:ti_sysbios_gates_GateHwi_Module__id__C
  00001288    00001288    00000002   00000002    r-- .const:ti_sysbios_gates_GateMutex_Module__id__C
  0000128a    0000128a    00000002   00000002    r-- .const:ti_sysbios_heaps_HeapMem_Module__id__C
  0000128c    0000128c    00000002   00000002    r-- .const:ti_sysbios_knl_Task_initStackFlag__C
  0000128e    0000128e    00000001   00000001    r-- .const:ti_sysbios_knl_Clock_tickMode__C
  00001290    00001290    00000008   00000008    r-- .const:xdc_runtime_Startup_firstFxns__C
  00001298    00001298    00000008   00000008    r-- .const:xdc_runtime_Startup_lastFxns__C
  000012a0    000012a0    00000004   00000004    r-- .const:xdc_runtime_Assert_E_assertFailed__C
  000012a4    000012a4    00000004   00000004    r-- .const:xdc_runtime_Error_E_memory__C
  000012a8    000012a8    00000004   00000004    r-- .const:xdc_runtime_Error_policyFxn__C
  000012ac    000012ac    00000004   00000004    r-- .const:xdc_runtime_Error_raiseHook__C
  000012b0    000012b0    00000004   00000004    r-- .const:xdc_runtime_IGateProvider_Interface__BASE__C
  000012b4    000012b4    00000004   00000004    r-- .const:xdc_runtime_IHeap_Interface__BASE__C
  000012b8    000012b8    00000004   00000004    r-- .const:xdc_runtime_IModule_Interface__BASE__C
  000012bc    000012bc    00000004   00000004    r-- .const:xdc_runtime_Memory_defaultHeapInstance__C
  000012c0    000012c0    00000004   00000004    r-- .const:xdc_runtime_Startup_execImpl__C
  000012c4    000012c4    00000004   00000004    r-- .const:xdc_runtime_Startup_maxPasses__C
  000012c8    000012c8    00000004   00000004    r-- .const:xdc_runtime_Startup_sfxnRts__C
  000012cc    000012cc    00000004   00000004    r-- .const:xdc_runtime_Startup_sfxnTab__C
  000012d0    000012d0    00000004   00000004    r-- .const:xdc_runtime_Startup_startModsFxn__C
  000012d4    000012d4    00000004   00000004    r-- .const:xdc_runtime_SysCallback_abortFxn__C
  000012d8    000012d8    00000004   00000004    r-- .const:xdc_runtime_SysCallback_exitFxn__C
  000012dc    000012dc    00000004   00000004    r-- .const:xdc_runtime_System_abortFxn__C
  000012e0    000012e0    00000004   00000004    r-- .const:xdc_runtime_System_exitFxn__C
  000012e4    000012e4    00000004   00000004    r-- .const:xdc_runtime_System_maxAtexitHandlers__C
  000012e8    000012e8    00000004   00000004    r-- .const:xdc_runtime_Text_charTab__C
  000012ec    000012ec    00000004   00000004    r-- .const:xdc_runtime_Text_nameEmpty__C
  000012f0    000012f0    00000004   00000004    r-- .const:xdc_runtime_Text_nameStatic__C
  000012f4    000012f4    00000004   00000004    r-- .const:xdc_runtime_Text_nameUnknown__C
  000012f8    000012f8    00000002   00000002    r-- .const:xdc_runtime_Error_maxDepth__C
  000012fa    000012fa    00000002   00000002    r-- .const:xdc_runtime_Memory_Module__id__C
  000012fc    000012fc    00000002   00000002    r-- .const:xdc_runtime_Text_charCnt__C
  000012fe    000012fe    00000002   00000002    r-- .const:xdc_runtime_Text_isLoaded__C
  00001300    00001300    00000001   00000001    r-- .const:xdc_runtime_Error_policy__C
  00001304    00001304    00000004   00000004    r-- .const:ti_sysbios_rom_ROM_ti_sysbios_family_arm_cc26xx_Timer_getCount64__E
  00001308    00001308    00000004   00000004    r-- .const:ti_sysbios_rom_ROM_ti_sysbios_family_arm_cc26xx_Timer_getCurrentTick__E
  0000130c    0000130c    00000004   00000004    r-- .const:ti_sysbios_rom_ROM_ti_sysbios_family_arm_cc26xx_Timer_getMaxTicks__E
  00001310    00001310    00000004   00000004    r-- .const:ti_sysbios_rom_ROM_ti_sysbios_family_arm_cc26xx_Timer_initDevice__I
  00001314    00001314    00000004   00000004    r-- .const:ti_sysbios_rom_ROM_ti_sysbios_family_arm_cc26xx_Timer_setNextTick__E
  00001318    00001318    00000004   00000004    r-- .const:ti_sysbios_rom_ROM_ti_sysbios_family_arm_cc26xx_Timer_setThreshold__I
  0000131c    0000131c    00000004   00000004    r-- .const:ti_sysbios_rom_ROM_ti_sysbios_family_arm_cc26xx_Timer_start__E
  00001320    00001320    00000004   00000004    r-- .const:ti_sysbios_rom_ROM_ti_sysbios_family_arm_cc26xx_TimestampProvider_get32__E
  00001324    00001324    00000004   00000004    r-- .const:ti_sysbios_rom_ROM_xdc_runtime_Startup_getState__I
  00001328    00001328    00000004   00000004    r-- .const:ti_sysbios_rom_ROM_xdc_runtime_System_SupportProxy_abort__E
  0000132c    0000132c    00000004   00000004    r-- .const:ti_sysbios_rom_ROM_xdc_runtime_System_SupportProxy_exit__E
  00001330    00001330    00013a18   00013a18    r-x .text.2
  00014d48    00014d48    00000f2e   00000f2e    r-- .const
  00015c78    00015c78    00000090   00000090    r-- .rodata
  00015d08    00015d08    00000534   00000534    r-- .cinit
0001e000    0001e000    00001000   00001000    r--
  0001e000    0001e000    00001000   00001000    r-- .TI.bound:NV_FLASH
0001ffa8    0001ffa8    00000058   00000058    r--
  0001ffa8    0001ffa8    00000058   00000058    r-- .ccfg
20000100    20000100    000027a6   00000000    rw-
  20000100    20000100    00000044   00000000    rw- .data:ti_sysbios_knl_Task_Module__state__V
  20000144    20000144    00000034   00000000    rw- .data:ti_sysbios_family_arm_m3_Hwi_Module__state__V
  20000178    20000178    0000002c   00000000    rw- .data:ti_sysbios_knl_Clock_Module__state__V
  200001a4    200001a4    00000024   00000000    rw- .data:ti_sysbios_BIOS_Module__state__V
  200001c8    200001c8    0000001c   00000000    rw- .data:ti_sysbios_knl_Swi_Module__state__V
  200001e4    200001e4    00000008   00000000    rw- .data:ti_sysbios_family_arm_cc26xx_Timer_Module__state__V
  200001ec    200001ec    00000004   00000000    rw- .data:ti_sysbios_family_arm_cc26xx_TimestampProvider_Module__state__V
  200001f0    200001f0    00000008   00000000    rw- .data:xdc_runtime_Startup_Module__state__V
  200001f8    200001f8    00000008   00000000    rw- .data:xdc_runtime_System_Module__state__V
  20000200    20000200    00000004   00000000    rw- .data:xdc_runtime_Memory_Module__state__V
  20000204    20000204    00000002   00000000    rw- .data:xdc_runtime_Error_Module__state__V
  20000208    20000208    00001d6b   00000000    rw- .data
  20001f78    20001f78    0000092e   00000000    rw- .bss
20004000    20004000    00000400   00000000    rw-
  20004000    20004000    00000400   00000000    rw- .stack


SECTION ALLOCATION MAP

 output                                  attributes/
section   page    origin      length       input sections
--------  ----  ----------  ----------   ----------------
.resetVecs 
*          0    00000000    0000003c     
                  00000000    0000003c     app_ble_pem3.oem3 (.resetVecs)

.text.1    0    0000003c    00000fc4     
                  0000003c    00000f48     cc2640_ll_pxxx.a : ll.o (.text)
                  00000f84    00000008     ble_r2.symbols (.tramp.LL_ENC_GenerateTrueRandNum.1)
                  00000f8c    00000008     ble_r2.symbols (.tramp.LL_PRIV_GenerateRSA.1)
                  00000f94    00000008     ble_r2.symbols (.tramp.LL_ENC_Init.1)
                  00000f9c    00000064     driverlib.lib : sys_ctrl.obj (.text:NOROM_SysCtrlAdjustRechargeAfterPowerDown)

.const:ti_sysbios_heaps_HeapMem_Module__FXNS__C 
*          0    00001000    00000028     
                  00001000    00000028     app_ble_pem3.oem3 (.const:ti_sysbios_heaps_HeapMem_Module__FXNS__C)

.const:ti_sysbios_gates_GateHwi_Module__FXNS__C 
*          0    00001028    00000024     
                  00001028    00000024     app_ble_pem3.oem3 (.const:ti_sysbios_gates_GateHwi_Module__FXNS__C)

.const:ti_sysbios_gates_GateMutex_Module__FXNS__C 
*          0    0000104c    00000024     
                  0000104c    00000024     app_ble_pem3.oem3 (.const:ti_sysbios_gates_GateMutex_Module__FXNS__C)

.const:ti_sysbios_family_arm_m3_Hwi_Object__DESC__C 
*          0    00001070    00000020     
                  00001070    00000020     app_ble_pem3.oem3 (.const:ti_sysbios_family_arm_m3_Hwi_Object__DESC__C)

.const:ti_sysbios_gates_GateHwi_Object__DESC__C 
*          0    00001090    00000020     
                  00001090    00000020     app_ble_pem3.oem3 (.const:ti_sysbios_gates_GateHwi_Object__DESC__C)

.const:ti_sysbios_gates_GateMutex_Object__DESC__C 
*          0    000010b0    00000020     
                  000010b0    00000020     app_ble_pem3.oem3 (.const:ti_sysbios_gates_GateMutex_Object__DESC__C)

.const:ti_sysbios_hal_Hwi_Object__DESC__C 
*          0    000010d0    00000020     
                  000010d0    00000020     app_ble_pem3.oem3 (.const:ti_sysbios_hal_Hwi_Object__DESC__C)

.const:ti_sysbios_heaps_HeapMem_Object__DESC__C 
*          0    000010f0    00000020     
                  000010f0    00000020     app_ble_pem3.oem3 (.const:ti_sysbios_heaps_HeapMem_Object__DESC__C)

.const:ti_sysbios_knl_Clock_Object__DESC__C 
*          0    00001110    00000020     
                  00001110    00000020     app_ble_pem3.oem3 (.const:ti_sysbios_knl_Clock_Object__DESC__C)

.const:ti_sysbios_knl_Event_Object__DESC__C 
*          0    00001130    00000020     
                  00001130    00000020     app_ble_pem3.oem3 (.const:ti_sysbios_knl_Event_Object__DESC__C)

.const:ti_sysbios_knl_Mailbox_Object__DESC__C 
*          0    00001150    00000020     
                  00001150    00000020     app_ble_pem3.oem3 (.const:ti_sysbios_knl_Mailbox_Object__DESC__C)

.const:ti_sysbios_knl_Queue_Object__DESC__C 
*          0    00001170    00000020     
                  00001170    00000020     app_ble_pem3.oem3 (.const:ti_sysbios_knl_Queue_Object__DESC__C)

.const:ti_sysbios_knl_Semaphore_Object__DESC__C 
*          0    00001190    00000020     
                  00001190    00000020     app_ble_pem3.oem3 (.const:ti_sysbios_knl_Semaphore_Object__DESC__C)

.const:ti_sysbios_knl_Swi_Object__DESC__C 
*          0    000011b0    00000020     
                  000011b0    00000020     app_ble_pem3.oem3 (.const:ti_sysbios_knl_Swi_Object__DESC__C)

.const:ti_sysbios_knl_Task_Object__DESC__C 
*          0    000011d0    00000020     
                  000011d0    00000020     app_ble_pem3.oem3 (.const:ti_sysbios_knl_Task_Object__DESC__C)

.const:ti_sysbios_knl_Idle_funcList__C 
*          0    000011f0    00000008     
                  000011f0    00000008     app_ble_pem3.oem3 (.const:ti_sysbios_knl_Idle_funcList__C)

.const:ti_sysbios_family_arm_cc26xx_Timer_startupNeeded__C 
*          0    000011f8    00000004     
                  000011f8    00000004     app_ble_pem3.oem3 (.const:ti_sysbios_family_arm_cc26xx_Timer_startupNeeded__C)

.const:ti_sysbios_family_arm_m3_Hwi_E_alreadyDefined__C 
*          0    000011fc    00000004     
                  000011fc    00000004     app_ble_pem3.oem3 (.const:ti_sysbios_family_arm_m3_Hwi_E_alreadyDefined__C)

.const:ti_sysbios_family_arm_m3_Hwi_E_hwiLimitExceeded__C 
*          0    00001200    00000004     
                  00001200    00000004     app_ble_pem3.oem3 (.const:ti_sysbios_family_arm_m3_Hwi_E_hwiLimitExceeded__C)

.const:ti_sysbios_family_arm_m3_Hwi_NUM_INTERRUPTS__C 
*          0    00001204    00000004     
                  00001204    00000004     app_ble_pem3.oem3 (.const:ti_sysbios_family_arm_m3_Hwi_NUM_INTERRUPTS__C)

.const:ti_sysbios_family_arm_m3_Hwi_Object__count__C 
*          0    00001208    00000004     
                  00001208    00000004     app_ble_pem3.oem3 (.const:ti_sysbios_family_arm_m3_Hwi_Object__count__C)

.const:ti_sysbios_family_arm_m3_Hwi_Object__table__C 
*          0    0000120c    00000004     
                  0000120c    00000004     app_ble_pem3.oem3 (.const:ti_sysbios_family_arm_m3_Hwi_Object__table__C)

.const:ti_sysbios_family_arm_m3_Hwi_ccr__C 
*          0    00001210    00000004     
                  00001210    00000004     app_ble_pem3.oem3 (.const:ti_sysbios_family_arm_m3_Hwi_ccr__C)

.const:ti_sysbios_family_arm_m3_Hwi_excHandlerFunc__C 
*          0    00001214    00000004     
                  00001214    00000004     app_ble_pem3.oem3 (.const:ti_sysbios_family_arm_m3_Hwi_excHandlerFunc__C)

.const:ti_sysbios_family_arm_m3_Hwi_nullIsrFunc__C 
*          0    00001218    00000004     
                  00001218    00000004     app_ble_pem3.oem3 (.const:ti_sysbios_family_arm_m3_Hwi_nullIsrFunc__C)

.const:ti_sysbios_family_arm_m3_Hwi_numSparseInterrupts__C 
*          0    0000121c    00000004     
                  0000121c    00000004     app_ble_pem3.oem3 (.const:ti_sysbios_family_arm_m3_Hwi_numSparseInterrupts__C)

.const:ti_sysbios_family_arm_m3_Hwi_priGroup__C 
*          0    00001220    00000004     
                  00001220    00000004     app_ble_pem3.oem3 (.const:ti_sysbios_family_arm_m3_Hwi_priGroup__C)

.const:ti_sysbios_family_arm_m3_TaskSupport_stackAlignment__C 
*          0    00001224    00000004     
                  00001224    00000004     app_ble_pem3.oem3 (.const:ti_sysbios_family_arm_m3_TaskSupport_stackAlignment__C)

.const:ti_sysbios_heaps_HeapMem_E_memory__C 
*          0    00001228    00000004     
                  00001228    00000004     app_ble_pem3.oem3 (.const:ti_sysbios_heaps_HeapMem_E_memory__C)

.const:ti_sysbios_heaps_HeapMem_Module__gateObj__C 
*          0    0000122c    00000004     
                  0000122c    00000004     app_ble_pem3.oem3 (.const:ti_sysbios_heaps_HeapMem_Module__gateObj__C)

.const:ti_sysbios_heaps_HeapMem_Object__count__C 
*          0    00001230    00000004     
                  00001230    00000004     app_ble_pem3.oem3 (.const:ti_sysbios_heaps_HeapMem_Object__count__C)

.const:ti_sysbios_heaps_HeapMem_Object__table__C 
*          0    00001234    00000004     
                  00001234    00000004     app_ble_pem3.oem3 (.const:ti_sysbios_heaps_HeapMem_Object__table__C)

.const:ti_sysbios_heaps_HeapMem_reqAlign__C 
*          0    00001238    00000004     
                  00001238    00000004     app_ble_pem3.oem3 (.const:ti_sysbios_heaps_HeapMem_reqAlign__C)

.const:ti_sysbios_knl_Clock_triggerClock__C 
*          0    0000123c    00000004     
                  0000123c    00000004     app_ble_pem3.oem3 (.const:ti_sysbios_knl_Clock_triggerClock__C)

.const:ti_sysbios_knl_Mailbox_Object__count__C 
*          0    00001240    00000004     
                  00001240    00000004     app_ble_pem3.oem3 (.const:ti_sysbios_knl_Mailbox_Object__count__C)

.const:ti_sysbios_knl_Mailbox_Object__table__C 
*          0    00001244    00000004     
                  00001244    00000004     app_ble_pem3.oem3 (.const:ti_sysbios_knl_Mailbox_Object__table__C)

.const:ti_sysbios_knl_Mailbox_maxTypeAlign__C 
*          0    00001248    00000004     
                  00001248    00000004     app_ble_pem3.oem3 (.const:ti_sysbios_knl_Mailbox_maxTypeAlign__C)

.const:ti_sysbios_knl_Queue_Object__count__C 
*          0    0000124c    00000004     
                  0000124c    00000004     app_ble_pem3.oem3 (.const:ti_sysbios_knl_Queue_Object__count__C)

.const:ti_sysbios_knl_Queue_Object__table__C 
*          0    00001250    00000004     
                  00001250    00000004     app_ble_pem3.oem3 (.const:ti_sysbios_knl_Queue_Object__table__C)

.const:ti_sysbios_knl_Semaphore_eventPost__C 
*          0    00001254    00000004     
                  00001254    00000004     app_ble_pem3.oem3 (.const:ti_sysbios_knl_Semaphore_eventPost__C)

.const:ti_sysbios_knl_Semaphore_eventSync__C 
*          0    00001258    00000004     
                  00001258    00000004     app_ble_pem3.oem3 (.const:ti_sysbios_knl_Semaphore_eventSync__C)

.const:ti_sysbios_knl_Swi_Object__count__C 
*          0    0000125c    00000004     
                  0000125c    00000004     app_ble_pem3.oem3 (.const:ti_sysbios_knl_Swi_Object__count__C)

.const:ti_sysbios_knl_Swi_Object__table__C 
*          0    00001260    00000004     
                  00001260    00000004     app_ble_pem3.oem3 (.const:ti_sysbios_knl_Swi_Object__table__C)

.const:ti_sysbios_knl_Swi_numPriorities__C 
*          0    00001264    00000004     
                  00001264    00000004     app_ble_pem3.oem3 (.const:ti_sysbios_knl_Swi_numPriorities__C)

.const:ti_sysbios_knl_Task_Object__count__C 
*          0    00001268    00000004     
                  00001268    00000004     app_ble_pem3.oem3 (.const:ti_sysbios_knl_Task_Object__count__C)

.const:ti_sysbios_knl_Task_Object__table__C 
*          0    0000126c    00000004     
                  0000126c    00000004     app_ble_pem3.oem3 (.const:ti_sysbios_knl_Task_Object__table__C)

.const:ti_sysbios_knl_Task_allBlockedFunc__C 
*          0    00001270    00000004     
                  00001270    00000004     app_ble_pem3.oem3 (.const:ti_sysbios_knl_Task_allBlockedFunc__C)

.const:ti_sysbios_knl_Task_defaultStackHeap__C 
*          0    00001274    00000004     
                  00001274    00000004     app_ble_pem3.oem3 (.const:ti_sysbios_knl_Task_defaultStackHeap__C)

.const:ti_sysbios_knl_Task_defaultStackSize__C 
*          0    00001278    00000004     
                  00001278    00000004     app_ble_pem3.oem3 (.const:ti_sysbios_knl_Task_defaultStackSize__C)

.const:ti_sysbios_knl_Task_numConstructedTasks__C 
*          0    0000127c    00000004     
                  0000127c    00000004     app_ble_pem3.oem3 (.const:ti_sysbios_knl_Task_numConstructedTasks__C)

.const:ti_sysbios_family_arm_cc26xx_Timer_Module__id__C 
*          0    00001280    00000002     
                  00001280    00000002     app_ble_pem3.oem3 (.const:ti_sysbios_family_arm_cc26xx_Timer_Module__id__C)

.const:ti_sysbios_family_arm_cc26xx_TimestampProvider_useClockTimer__C 
*          0    00001282    00000002     
                  00001282    00000002     app_ble_pem3.oem3 (.const:ti_sysbios_family_arm_cc26xx_TimestampProvider_useClockTimer__C)

.const:ti_sysbios_family_arm_m3_Hwi_Module__id__C 
*          0    00001284    00000002     
                  00001284    00000002     app_ble_pem3.oem3 (.const:ti_sysbios_family_arm_m3_Hwi_Module__id__C)

.const:ti_sysbios_gates_GateHwi_Module__id__C 
*          0    00001286    00000002     
                  00001286    00000002     app_ble_pem3.oem3 (.const:ti_sysbios_gates_GateHwi_Module__id__C)

.const:ti_sysbios_gates_GateMutex_Module__id__C 
*          0    00001288    00000002     
                  00001288    00000002     app_ble_pem3.oem3 (.const:ti_sysbios_gates_GateMutex_Module__id__C)

.const:ti_sysbios_heaps_HeapMem_Module__id__C 
*          0    0000128a    00000002     
                  0000128a    00000002     app_ble_pem3.oem3 (.const:ti_sysbios_heaps_HeapMem_Module__id__C)

.const:ti_sysbios_knl_Task_initStackFlag__C 
*          0    0000128c    00000002     
                  0000128c    00000002     app_ble_pem3.oem3 (.const:ti_sysbios_knl_Task_initStackFlag__C)

.const:ti_sysbios_knl_Clock_tickMode__C 
*          0    0000128e    00000001     
                  0000128e    00000001     app_ble_pem3.oem3 (.const:ti_sysbios_knl_Clock_tickMode__C)

.const:xdc_runtime_Startup_firstFxns__C 
*          0    00001290    00000008     
                  00001290    00000008     app_ble_pem3.oem3 (.const:xdc_runtime_Startup_firstFxns__C)

.const:xdc_runtime_Startup_lastFxns__C 
*          0    00001298    00000008     
                  00001298    00000008     app_ble_pem3.oem3 (.const:xdc_runtime_Startup_lastFxns__C)

.const:xdc_runtime_Assert_E_assertFailed__C 
*          0    000012a0    00000004     
                  000012a0    00000004     app_ble_pem3.oem3 (.const:xdc_runtime_Assert_E_assertFailed__C)

.const:xdc_runtime_Error_E_memory__C 
*          0    000012a4    00000004     
                  000012a4    00000004     app_ble_pem3.oem3 (.const:xdc_runtime_Error_E_memory__C)

.const:xdc_runtime_Error_policyFxn__C 
*          0    000012a8    00000004     
                  000012a8    00000004     app_ble_pem3.oem3 (.const:xdc_runtime_Error_policyFxn__C)

.const:xdc_runtime_Error_raiseHook__C 
*          0    000012ac    00000004     
                  000012ac    00000004     app_ble_pem3.oem3 (.const:xdc_runtime_Error_raiseHook__C)

.const:xdc_runtime_IGateProvider_Interface__BASE__C 
*          0    000012b0    00000004     
                  000012b0    00000004     app_ble_pem3.oem3 (.const:xdc_runtime_IGateProvider_Interface__BASE__C)

.const:xdc_runtime_IHeap_Interface__BASE__C 
*          0    000012b4    00000004     
                  000012b4    00000004     app_ble_pem3.oem3 (.const:xdc_runtime_IHeap_Interface__BASE__C)

.const:xdc_runtime_IModule_Interface__BASE__C 
*          0    000012b8    00000004     
                  000012b8    00000004     app_ble_pem3.oem3 (.const:xdc_runtime_IModule_Interface__BASE__C)

.const:xdc_runtime_Memory_defaultHeapInstance__C 
*          0    000012bc    00000004     
                  000012bc    00000004     app_ble_pem3.oem3 (.const:xdc_runtime_Memory_defaultHeapInstance__C)

.const:xdc_runtime_Startup_execImpl__C 
*          0    000012c0    00000004     
                  000012c0    00000004     app_ble_pem3.oem3 (.const:xdc_runtime_Startup_execImpl__C)

.const:xdc_runtime_Startup_maxPasses__C 
*          0    000012c4    00000004     
                  000012c4    00000004     app_ble_pem3.oem3 (.const:xdc_runtime_Startup_maxPasses__C)

.const:xdc_runtime_Startup_sfxnRts__C 
*          0    000012c8    00000004     
                  000012c8    00000004     app_ble_pem3.oem3 (.const:xdc_runtime_Startup_sfxnRts__C)

.const:xdc_runtime_Startup_sfxnTab__C 
*          0    000012cc    00000004     
                  000012cc    00000004     app_ble_pem3.oem3 (.const:xdc_runtime_Startup_sfxnTab__C)

.const:xdc_runtime_Startup_startModsFxn__C 
*          0    000012d0    00000004     
                  000012d0    00000004     app_ble_pem3.oem3 (.const:xdc_runtime_Startup_startModsFxn__C)

.const:xdc_runtime_SysCallback_abortFxn__C 
*          0    000012d4    00000004     
                  000012d4    00000004     app_ble_pem3.oem3 (.const:xdc_runtime_SysCallback_abortFxn__C)

.const:xdc_runtime_SysCallback_exitFxn__C 
*          0    000012d8    00000004     
                  000012d8    00000004     app_ble_pem3.oem3 (.const:xdc_runtime_SysCallback_exitFxn__C)

.const:xdc_runtime_System_abortFxn__C 
*          0    000012dc    00000004     
                  000012dc    00000004     app_ble_pem3.oem3 (.const:xdc_runtime_System_abortFxn__C)

.const:xdc_runtime_System_exitFxn__C 
*          0    000012e0    00000004     
                  000012e0    00000004     app_ble_pem3.oem3 (.const:xdc_runtime_System_exitFxn__C)

.const:xdc_runtime_System_maxAtexitHandlers__C 
*          0    000012e4    00000004     
                  000012e4    00000004     app_ble_pem3.oem3 (.const:xdc_runtime_System_maxAtexitHandlers__C)

.const:xdc_runtime_Text_charTab__C 
*          0    000012e8    00000004     
                  000012e8    00000004     app_ble_pem3.oem3 (.const:xdc_runtime_Text_charTab__C)

.const:xdc_runtime_Text_nameEmpty__C 
*          0    000012ec    00000004     
                  000012ec    00000004     app_ble_pem3.oem3 (.const:xdc_runtime_Text_nameEmpty__C)

.const:xdc_runtime_Text_nameStatic__C 
*          0    000012f0    00000004     
                  000012f0    00000004     app_ble_pem3.oem3 (.const:xdc_runtime_Text_nameStatic__C)

.const:xdc_runtime_Text_nameUnknown__C 
*          0    000012f4    00000004     
                  000012f4    00000004     app_ble_pem3.oem3 (.const:xdc_runtime_Text_nameUnknown__C)

.const:xdc_runtime_Error_maxDepth__C 
*          0    000012f8    00000002     
                  000012f8    00000002     app_ble_pem3.oem3 (.const:xdc_runtime_Error_maxDepth__C)

.const:xdc_runtime_Memory_Module__id__C 
*          0    000012fa    00000002     
                  000012fa    00000002     app_ble_pem3.oem3 (.const:xdc_runtime_Memory_Module__id__C)

.const:xdc_runtime_Text_charCnt__C 
*          0    000012fc    00000002     
                  000012fc    00000002     app_ble_pem3.oem3 (.const:xdc_runtime_Text_charCnt__C)

.const:xdc_runtime_Text_isLoaded__C 
*          0    000012fe    00000002     
                  000012fe    00000002     app_ble_pem3.oem3 (.const:xdc_runtime_Text_isLoaded__C)

.const:xdc_runtime_Error_policy__C 
*          0    00001300    00000001     
                  00001300    00000001     app_ble_pem3.oem3 (.const:xdc_runtime_Error_policy__C)

.const:ti_sysbios_rom_ROM_ti_sysbios_family_arm_cc26xx_Timer_getCount64__E 
*          0    00001304    00000004     
                  00001304    00000004     app_ble_pem3.oem3 (.const:ti_sysbios_rom_ROM_ti_sysbios_family_arm_cc26xx_Timer_getCount64__E)

.const:ti_sysbios_rom_ROM_ti_sysbios_family_arm_cc26xx_Timer_getCurrentTick__E 
*          0    00001308    00000004     
                  00001308    00000004     app_ble_pem3.oem3 (.const:ti_sysbios_rom_ROM_ti_sysbios_family_arm_cc26xx_Timer_getCurrentTick__E)

.const:ti_sysbios_rom_ROM_ti_sysbios_family_arm_cc26xx_Timer_getMaxTicks__E 
*          0    0000130c    00000004     
                  0000130c    00000004     app_ble_pem3.oem3 (.const:ti_sysbios_rom_ROM_ti_sysbios_family_arm_cc26xx_Timer_getMaxTicks__E)

.const:ti_sysbios_rom_ROM_ti_sysbios_family_arm_cc26xx_Timer_initDevice__I 
*          0    00001310    00000004     
                  00001310    00000004     app_ble_pem3.oem3 (.const:ti_sysbios_rom_ROM_ti_sysbios_family_arm_cc26xx_Timer_initDevice__I)

.const:ti_sysbios_rom_ROM_ti_sysbios_family_arm_cc26xx_Timer_setNextTick__E 
*          0    00001314    00000004     
                  00001314    00000004     app_ble_pem3.oem3 (.const:ti_sysbios_rom_ROM_ti_sysbios_family_arm_cc26xx_Timer_setNextTick__E)

.const:ti_sysbios_rom_ROM_ti_sysbios_family_arm_cc26xx_Timer_setThreshold__I 
*          0    00001318    00000004     
                  00001318    00000004     app_ble_pem3.oem3 (.const:ti_sysbios_rom_ROM_ti_sysbios_family_arm_cc26xx_Timer_setThreshold__I)

.const:ti_sysbios_rom_ROM_ti_sysbios_family_arm_cc26xx_Timer_start__E 
*          0    0000131c    00000004     
                  0000131c    00000004     app_ble_pem3.oem3 (.const:ti_sysbios_rom_ROM_ti_sysbios_family_arm_cc26xx_Timer_start__E)

.const:ti_sysbios_rom_ROM_ti_sysbios_family_arm_cc26xx_TimestampProvider_get32__E 
*          0    00001320    00000004     
                  00001320    00000004     app_ble_pem3.oem3 (.const:ti_sysbios_rom_ROM_ti_sysbios_family_arm_cc26xx_TimestampProvider_get32__E)

.const:ti_sysbios_rom_ROM_xdc_runtime_Startup_getState__I 
*          0    00001324    00000004     
                  00001324    00000004     app_ble_pem3.oem3 (.const:ti_sysbios_rom_ROM_xdc_runtime_Startup_getState__I)

.const:ti_sysbios_rom_ROM_xdc_runtime_System_SupportProxy_abort__E 
*          0    00001328    00000004     
                  00001328    00000004     app_ble_pem3.oem3 (.const:ti_sysbios_rom_ROM_xdc_runtime_System_SupportProxy_abort__E)

.const:ti_sysbios_rom_ROM_xdc_runtime_System_SupportProxy_exit__E 
*          0    0000132c    00000004     
                  0000132c    00000004     app_ble_pem3.oem3 (.const:ti_sysbios_rom_ROM_xdc_runtime_System_SupportProxy_exit__E)

.text.2    0    00001330    00013a18     
                  00001330    000007d8     simple_peripheral.obj (.text:SimpleBLEPeripheral_taskFxn$2)
                  00001b08    00000790     cc2640_ll_pxxx.a : ble.o (.text)
                  00002298    00000588     peripheral.obj (.text:gapRole_taskFxn$17)
                  00002820    0000054c     cc2640_ll_pxxx.a : ll_adv_end_causes.o (.text)
                  00002d6c    000004ec                      : ll_slave_end_causes.o (.text)
                  00003258    00000458                      : ll_slave_end_causes.o (.text)
                  000036b0    0000032c     rf_singleMode_cc26x0r2.aem3 : RFCC26XX_singleMode.oem3 (.text:fsmActiveState)
                  000039dc    00000314     drivers_cc26x0r2.aem3 : PowerCC26XX_calibrateRCOSC.oem3 (.text:PowerCC26XX_auxISR)
                  00003cf0    0000030c     cc2640_ll_pxxx.a : ll.o (.text)
                  00003ffc    00000300                      : ll_scheduler.o (.text)
                  000042fc    000002bc     ble5_simple_peripheral_cc2640r2lp_stack_library.lib : icall_startup.obj (.text:startup_entry)
                  000045b8    000002a8                                                         : gapbondmgr.obj (.text:GAPBondMgr_ProcessGAPMsg)
                  00004860    0000029c                                                         : gapbondmgr.obj (.text:GAPBondMgr_SetParameter)
                  00004afc    00000294     peripheral.obj (.text:GAPRole_SetParameter)
                  00004d90    0000028c     ble5_simple_peripheral_cc2640r2lp_stack_library.lib : gapbondmgr.obj (.text:GAPBondMgr_ProcessEvent)
                  0000501c    00000280     cc2640_ll_pxxx.a : ll_isr.o (.text)
                  0000529c    0000024c     cc26xx_profiles_pxxx.a : gapgattserver.o (.text)
                  000054e8    0000024c     drivers_cc26x0r2.aem3 : CryptoCC26XX.oem3 (.text:cryptoTransactionExecute)
                  00005734    00000240     cc2640_ll_pxxx.a : ll_isr.o (.text)
                  00005974    0000023c     drivers_cc26x0r2.aem3 : PowerCC26XX.oem3 (.text:Power_sleep)
                  00005bb0    00000224     simple_peripheral.obj (.text:SimpleBLEPeripheral_processStateChangeEvt$2)
                  00005dd4    00000210     driverlib.lib : sys_ctrl.obj (.text:NOROM_SysCtrlSetRechargeBeforePowerDown)
                  00005fe4    00000210     cc2640_ll_pxxx.a : ll_common.o (.text)
                  000061f4    00000210                      : ll_slave_end_causes.o (.text)
                  00006404    00000210     cc26xx_profiles_pxxx.a : gattservapp.o (.text)
                  00006614    0000020c     cc2640_ll_pxxx.a : ll_common.o (.text)
                  00006820    00000208                      : ll_common.o (.text)
                  00006a28    00000204     cc26xx_sm_pxxx.a : sm_pairing.o (.text)
                  00006c2c    000001f4     rtsv7M3_T_le_eabi.lib : ull_div_t2.obj (.text)
                  00006e20    000001d0     cc2640_ll_pxxx.a : ll_common.o (.text)
                  00006ff0    000001d0     ble5_simple_peripheral_cc2640r2lp_stack_library.lib : gapbondmgr.obj (.text:gapBondMgrAddBond$41)
                  000071c0    000001c8     cc2640_ll_pxxx.a : ll.o (.text)
                  00007388    000001c8     rf_singleMode_cc26x0r2.aem3 : RFCC26XX_singleMode.oem3 (.text:fsmSetupState)
                  00007550    000001c0     ble5_simple_peripheral_cc2640r2lp_stack_library.lib : osal.obj (.text:osal_start_system)
                  00007710    000001bc     main.obj (.text:AssertHandler)
                  000078cc    000001b0     rf_singleMode_cc26x0r2.aem3 : RFCC26XX_singleMode.oem3 (.text:RF_open)
                  00007a7c    000001b0     cc2640_ll_pxxx.a : ll_isr.o (.text)
                  00007c2c    000001a8     rf_singleMode_cc26x0r2.aem3 : RFCC26XX_singleMode.oem3 (.text:RF_postCmd)
                  00007dd4    000001a8     cc2640_ll_pxxx.a : ll.o (.text)
                  00007f7c    000001a8                      : ll.o (.text)
                  00008124    000001a4     sdi_task.obj (.text:SDITask_process$23)
                  000082c8    00000194     ble5_simple_peripheral_cc2640r2lp_stack_library.lib : gapbondmgr.obj (.text:gapBondMgrAuthenticate$41)
                  0000845c    00000194     icall.obj (.text:icall_directAPI)
                  000085f0    00000190     ECCROMCC26XX.obj (.text:ECCROMCC26XX_genDHKey)
                  00008780    00000190     drivers_cc26x0r2.aem3 : PowerCC26XX_calibrateRCOSC.oem3 (.text:PowerCC26XX_doCalibrate)
                  00008910    0000018c                           : PINCC26XX.oem3 (.text:PIN_init)
                  00008a9c    0000017c     rf_singleMode_cc26x0r2.aem3 : RFCC26XX_singleMode.oem3 (.text:abortCmd)
                  00008c18    00000174     cc26xx_gatt_pxxx.a : gatt_client.o (.text)
                  00008d8c    00000170     sdi_task.obj (.text:SDITask_inititializeTask$23)
                  00008efc    00000160     cc26xx_gatt_pxxx.a : gatt_client.o (.text)
                  0000905c    0000015c     UARTCC26XX.obj (.text:UARTCC26XX_open)
                  000091b8    00000148     cc26xx_gap_pxxx.a : gap_linkmgr.o (.text)
                  00009300    00000144     cc2640_ll_pxxx.a : ll_common.o (.text)
                  00009444    0000013c     drivers_cc26x0r2.aem3 : PowerCC26XX.oem3 (.text:Power_init)
                  00009580    00000138     cc2640_ll_pxxx.a : ll.o (.text)
                  000096b8    00000134                      : ll.o (.text)
                  000097ec    0000012c     cc26xx_sm_pxxx.a : sm_task.o (.text)
                  00009918    00000128     ECCROMCC26XX.obj (.text:ECCROMCC26XX_genKeys)
                  00009a40    00000128     cc2640_ll_pxxx.a : ll_scheduler.o (.text)
                  00009b68    00000128     ble5_simple_peripheral_cc2640r2lp_stack_library.lib : gapbondmgr.obj (.text:gapBondMgrEraseBonding$41)
                  00009c90    00000124     peripheral.obj (.text:GAPRole_GetParameter)
                  00009db4    0000011c     ble5_simple_peripheral_cc2640r2lp_stack_library.lib : osal_snv_wrapper.obj (.text:compactPage$38)
                  00009ed0    00000118     UARTCC26XX.obj (.text:UARTCC26XX_read)
                  00009fe8    0000010c     rf_singleMode_cc26x0r2.aem3 : RFCC26XX_singleMode.oem3 (.text:hwiFxnCpe0Active)
                  0000a0f4    0000010a     UARTCC26XX.obj (.text:UARTCC26XX_hwiIntFxn)
                  0000a1fe    00000002     ble_user_config.obj (.text:DefaultAssertCback)
                  0000a200    00000108     cc2640_ll_pxxx.a : ll_adv_end_causes.o (.text)
                  0000a308    00000100     ble5_simple_peripheral_cc2640r2lp_stack_library.lib : gapbondmgr.obj (.text:GAPBondMgr_LinkEst)
                  0000a408    000000fc     UARTCC26XX.obj (.text:UARTCC26XX_write)
                  0000a504    000000fc     two_btn_menu.obj (.text:tbm_displayItemPage)
                  0000a600    000000f8     cc2640_ll_pxxx.a : ll.o (.text)
                  0000a6f8    000000f8     ble5_simple_peripheral_cc2640r2lp_stack_library.lib : osal_snv_wrapper.obj (.text:osal_snv_write)
                  0000a7f0    000000f8     rf_singleMode_cc26x0r2.aem3 : RFCC26XX_singleMode.oem3 (.text:radioOpDoneCb)
                  0000a8e8    000000f4                                 : RFCC26XX_singleMode.oem3 (.text:fsmPowerUpState)
                  0000a9dc    000000f0     cc2640_ll_pxxx.a : ll_common.o (.text)
                  0000aacc    000000ec     ble5_simple_peripheral_cc2640r2lp_stack_library.lib : osal_timers.obj (.text:osalTimerUpdate)
                  0000abb8    000000e4     cc26xx_gatt_pxxx.a : gatt_client.o (.text)
                  0000ac9c    000000e0     cc26xx_sm_pxxx.a : sm_pairing.o (.text)
                  0000ad7c    000000dc     drivers_cc26x0r2.aem3 : PINCC26XX.oem3 (.text:PINCC26XX_setIoCfg)
                  0000ae58    000000dc     cc2640_hci_pxxx.a : hci_event.o (.text)
                  0000af34    000000d8     cc26xx_gap_pxxx.a : gap_linkmgr.o (.text)
                  0000b00c    000000d4     drivers_cc26x0r2.aem3 : CryptoCC26XX.oem3 (.text:CryptoCC26XX_open)
                  0000b0e0    000000d4     dpl_cc26x0r2.aem3 : PowerCC26XX_tirtos.oem3 (.text:PowerCC26XX_standbyPolicy)
                  0000b1b4    000000d4     UARTCC26XX.obj (.text:UARTCC26XX_initHw$8)
                  0000b288    000000d4     cc2640_ll_pxxx.a : ll_scheduler.o (.text)
                  0000b35c    000000d4     simple_gatt_profile.obj (.text:simpleProfile_WriteAttrCB$18)
                  0000b430    000000ce     cc26xx_sm_pxxx.a : sm_pairing.o (.text)
                  0000b4fe    00000002     driverlib.lib : rfc.obj (.text:NOROM_RFCAdi3VcoLdoVoltageMode)
                  0000b500    000000cc     cc2640_ll_pxxx.a : ll.o (.text)
                  0000b5cc    000000cc                      : ll_common.o (.text)
                  0000b698    000000c4     cc26xx_sm_pxxx.a : sm_pairing.o (.text)
                  0000b75c    000000c2     cc2640_ll_pxxx.a : ll.o (.text)
                  0000b81e    00000002     ble5_simple_peripheral_cc2640r2lp_stack_library.lib : onboard.obj (.text:Onboard_soft_reset)
                  0000b820    000000c0     simple_gatt_profile.obj (.text:SimpleProfile_SetParameter)
                  0000b8e0    000000c0     ble5_simple_peripheral_cc2640r2lp_stack_library.lib : osal.obj (.text:osal_set_event)
                  0000b9a0    000000bc     drivers_cc26x0r2.aem3 : PowerCC26XX.oem3 (.text:Power_releaseDependency)
                  0000ba5c    000000bc     cc2640_hci_pxxx.a : hci_event.o (.text)
                  0000bb18    000000bc     cc2640_ll_pxxx.a : ll_common.o (.text)
                  0000bbd4    000000b8     driverlib.lib : setup.obj (.text:NOROM_SetupTrimDevice)
                  0000bc8c    000000b4     drivers_cc26x0r2.aem3 : PowerCC26XX.oem3 (.text:Power_setDependency)
                  0000bd40    000000b4     cc2640_ll_pxxx.a : ll_adv_end_causes.o (.text)
                  0000bdf4    000000b0     TRNGCC26XX.obj (.text:TRNGCC26XX_getNumber)
                  0000bea4    000000b0     cc2640_hci_pxxx.a : hci_event.o (.text)
                  0000bf54    000000b0     cc2640_ll_pxxx.a : ble.o (.text)
                  0000c004    000000b0     cc26xx_gap_pxxx.a : gap_linkmgr.o (.text)
                  0000c0b4    000000b0     devinfoservice.obj (.text:devInfo_ReadAttrCB$14)
                  0000c164    000000b0     main.obj (.text:main)
                  0000c214    000000ac     cc2640_ll_pxxx.a : ll.o (.text)
                  0000c2c0    000000aa                      : ll_common.o (.text)
                  0000c36a    00000002     ble5_simple_peripheral_cc2640r2lp_stack_library.lib : sm_ecc.obj (.text:SM_dhKeyCB)
                  0000c36c    000000a8     sdi_tl_uart.obj (.text:SDITLUART_readCallBack$25)
                  0000c414    000000a8     cc26xx_gatt_pxxx.a : gatt_client.o (.text)
                  0000c4bc    000000a4     ble5_simple_peripheral_cc2640r2lp_stack_library.lib : gapbondmgr.obj (.text:GAPBondMgr_ResolveAddr)
                  0000c560    000000a4                                                         : osal.obj (.text:osal_msg_enqueue_push$33)
                  0000c604    000000a0     auto_init.aem3 : auto_init.oem3 (.text)
                  0000c6a4    000000a0     cc2640_hci_pxxx.a : hci_event.o (.text)
                  0000c744    000000a0     cc2640_ll_pxxx.a : ll_common.o (.text)
                  0000c7e4    000000a0                      : ll_common.o (.text)
                  0000c884    0000009e     ble5_simple_peripheral_cc2640r2lp_stack_library.lib : gapbondmgr.obj (.text:gapBondMgrUpdateCharCfg$41)
                  0000c922    00000002                                                         : sm_ecc.obj (.text:SM_p256KeyCB)
                  0000c924    0000009c                                                         : osal_cbtimer.obj (.text:cbTimerSetup$35)
                  0000c9c0    0000009c     rtsv7M3_T_le_eabi.lib : memcpy_t2.obj (.text)
                  0000ca5c    00000098     ble5_simple_peripheral_cc2640r2lp_stack_library.lib : gapbondmgr.obj (.text:GAPBondMgr_syncResolvingList)
                  0000caf4    00000098     drivers_cc26x0r2.aem3 : PINCC26XX.oem3 (.text:PIN_open)
                  0000cb8c    00000098     UARTCC26XX.obj (.text:UARTCC26XX_initIO$8)
                  0000cc24    00000098     cc2640_ll_pxxx.a : ll.o (.text)
                  0000ccbc    00000098                      : ll.o (.text)
                  0000cd54    00000098     rom_sysbios.aem3 : rom_sysbios.obj (.text:ti_sysbios_knl_Clock_workFuncDynamic__E)
                  0000cdec    00000094     icall.obj (.text:ICall_setTimer)
                  0000ce80    00000094     cc2640_ll_pxxx.a : ll_enc.o (.text)
                  0000cf14    00000094     ble5_simple_peripheral_cc2640r2lp_stack_library.lib : osal.obj (.text:osal_msg_receive)
                  0000cfa8    00000094                                                         : osal_timers.obj (.text:osal_timer_refTimeUpdate)
                  0000d03c    00000094     UARTCC26XX.obj (.text:writeFinishedDoCallback$8)
                  0000d0d0    00000092     cc2640_ll_pxxx.a : ll_common.o (.text)
                  0000d162    00000002     simple_peripheral.obj (.text:SPPBLEServer_enqueueUARTMsg)
                  0000d164    00000090     driverlib.lib : crypto.obj (.text:NOROM_CRYPTOAesLoadKey)
                  0000d1f4    00000090                   : setup.obj (.text:TrimAfterColdResetWakeupFromShutDown$26)
                  0000d284    00000090     cc26xx_gatt_pxxx.a : gatt_client.o (.text)
                  0000d314    00000090     cc26xx_hci_tl_none.a : hci_tl.o (.text)
                  0000d3a4    00000090     ble5_simple_peripheral_cc2640r2lp_stack_library.lib : osal_cbtimer.obj (.text:osal_CbTimerProcessEvent)
                  0000d434    0000008c     icall.obj (.text:ICall_heapMalloc)
                  0000d4c0    0000008c     UARTCC26XX.obj (.text:UARTCC26XX_close)
                  0000d54c    0000008c     UARTCC26XX.obj (.text:UARTCC26XX_writeCancel)
                  0000d5d8    0000008c     cc2640_ll_pxxx.a : ll_enc.o (.text)
                  0000d664    0000008c                      : ll_isr.o (.text)
                  0000d6f0    0000008c     cc26xx_gatt_pxxx.a : gatt_client.o (.text)
                  0000d77c    0000008c     drivers_cc26x0r2.aem3 : PowerCC26XX.oem3 (.text:disableLFClockQualifiers)
                  0000d808    00000088     sdi_tl.obj (.text:SDITL_writeTL)
                  0000d890    00000088     cc2640_hci_pxxx.a : hci_event.o (.text)
                  0000d918    00000088     cc2640_ll_pxxx.a : ll.o (.text)
                  0000d9a0    00000088                      : ll_common.o (.text)
                  0000da28    00000088     cc26xx_profiles_pxxx.a : gapgattserver.o (.text)
                  0000dab0    00000088     peripheral.obj (.text:gapRole_startConnUpdate$17)
                  0000db38    00000088     gattservapp_util.obj (.text:gattServApp_SendNotiInd$16)
                  0000dbc0    00000088     ble5_simple_peripheral_cc2640r2lp_stack_library.lib : osal_snv_wrapper.obj (.text:writeWord$38)
                  0000dc48    00000086     cc2640_ll_pxxx.a : ll_common.o (.text)
                  0000dcce    00000086     cc26xx_gatt_pxxx.a : gatt_client.o (.text)
                  0000dd54    00000084     simple_peripheral.obj (.text:SimpleBLEPeripheral_doSetPhy)
                  0000ddd8    00000084     drivers_cc26x0r2.aem3 : PowerCC26XX.oem3 (.text:switchXOSCHFclockFunc)
                  0000de5c    00000080     rf_singleMode_cc26x0r2.aem3 : RFCC26XX_singleMode.oem3 (.text:RF_pendCmd)
                  0000dedc    00000080     cc2640_ll_pxxx.a : ll.o (.text)
                  0000df5c    00000080     cc26xx_gatt_pxxx.a : gatt_client.o (.text)
                  0000dfdc    0000007e     cc2640_ll_pxxx.a : ll.o (.text)
                  0000e05a    0000007e     cc26xx_profiles_pxxx.a : gattservapp.o (.text)
                  0000e0d8    0000007c     cc2640_ll_pxxx.a : ll_scheduler.o (.text)
                  0000e154    0000007c     cc26xx_gap_pxxx.a : gap_linkmgr.o (.text)
                  0000e1d0    0000007c     cc26xx_gatt_pxxx.a : gatt_client.o (.text)
                  0000e24c    0000007c     ble5_simple_peripheral_cc2640r2lp_stack_library.lib : osal.obj (.text:osal_event_send$33)
                  0000e2c8    0000007c     rf_singleMode_cc26x0r2.aem3 : RFCC26XX_singleMode.oem3 (.text:swiFxnHw)
                  0000e344    0000007a     drivers_cc26x0r2.aem3 : CryptoCC26XX.oem3 (.text:CryptoCC26XX_allocateKey)
                  0000e3be    0000007a     rtsv7M3_T_le_eabi.lib : memset_t2.obj (.text)
                  0000e438    00000078     cc2640_ll_pxxx.a : ll_common.o (.text)
                  0000e4b0    00000078                      : ll_enc.o (.text)
                  0000e528    00000078     UARTCC26XX.obj (.text:writeTxFifoFlush$8)
                  0000e5a0    00000076     cc2640_ll_pxxx.a : ll_common.o (.text)
                  0000e616    00000002     rf_singleMode_cc26x0r2.aem3 : RFCC26XX_singleMode.oem3 (.text:defaultCallback)
                  0000e618    00000074     driverlib.lib : rfc.obj (.text:NOROM_RFCOverrideUpdate)
                  0000e68c    00000074     sdi_task.obj (.text:SDITask_transportRXCallBack$23)
                  0000e700    00000074     simple_peripheral.obj (.text:SimpleBLEPeripheral_freeAttRsp$2)
                  0000e774    00000074     cc2640_ll_pxxx.a : ll_common.o (.text)
                  0000e7e8    00000074                      : ll_common.o (.text)
                  0000e85c    00000074                      : ll_common.o (.text)
                  0000e8d0    00000074     cc26xx_gatt_pxxx.a : gatt_client.o (.text)
                  0000e944    00000074     ble5_simple_peripheral_cc2640r2lp_stack_library.lib : gapbondmgr.obj (.text:gapBondMgrBondReq$41)
                  0000e9b8    00000074     rom_sysbios.aem3 : rom_sysbios.obj (.text:ti_sysbios_family_arm_cc26xx_Timer_start__E)
                  0000ea2c    00000070     icall.obj (.text:ICall_heapGetStats)
                  0000ea9c    00000070     icall.obj (.text:ICall_heapInit)
                  0000eb0c    00000070     ble5_simple_peripheral_cc2640r2lp_stack_library.lib : ble_dispatch_lite.obj (.text:ble_dispatch_liteProcess)
                  0000eb7c    00000070     cc2640_ll_pxxx.a : ll_common.o (.text)
                  0000ebec    0000006c     icall.obj (.text:ICall_createRemoteTasks)
                  0000ec58    0000006c     icall.obj (.text:ICall_sendServiceComplete)
                  0000ecc4    0000006c     driverlib.lib : osc.obj (.text:NOROM_OSCHF_AttemptToSwitchToXosc)
                  0000ed30    0000006c     drivers_cc26x0r2.aem3 : PowerCC26XX_calibrateRCOSC.oem3 (.text:PowerCC26XX_initiateCalibration)
                  0000ed9c    0000006c     cc2640_ll_pxxx.a : ble.o (.text)
                  0000ee08    0000006c                      : ll.o (.text)
                  0000ee74    0000006c                      : ll_common.o (.text)
                  0000eee0    0000006c                      : ll_scheduler.o (.text)
                  0000ef4c    0000006c     cc26xx_gatt_pxxx.a : gatt_client.o (.text)
                  0000efb8    0000006c     drivers_cc26x0r2.aem3 : PowerCC26XX.oem3 (.text:configureXOSCHF)
                  0000f024    00000068     driverlib.lib : sys_ctrl.obj (.text:NOROM_SysCtrl_DCDC_VoltageConditionalControl)
                  0000f08c    00000068     sdi_tl.obj (.text:SDITL_transmissionCallBack$24)
                  0000f0f4    00000068     sdi_task.obj (.text:SDITask_sendToUART)
                  0000f15c    00000068     UARTCC26XX.obj (.text:UARTCC26XX_readCancel)
                  0000f1c4    00000068     cc2640_ll_pxxx.a : ll.o (.text)
                  0000f22c    00000068                      : ll.o (.text)
                  0000f294    00000068                      : ll.o (.text)
                  0000f2fc    00000068                      : ll.o (.text)
                  0000f364    00000068                      : ll_common.o (.text)
                  0000f3cc    00000068                      : ll_common.o (.text)
                  0000f434    00000068                      : ll_privacy.o (.text)
                  0000f49c    00000068     rf_singleMode_cc26x0r2.aem3 : RFCC26XX_singleMode.oem3 (.text:decActiveClientCnt)
                  0000f504    00000068     rtsv7M3_T_le_eabi.lib : copy_decompress_lzss.obj (.text:decompress:lzss)
                  0000f56c    00000068     ble5_simple_peripheral_cc2640r2lp_stack_library.lib : osal_cbtimer.obj (.text:osal_CbTimerUpdate)
                  0000f5d4    00000066     cc2640_ll_pxxx.a : ll_common.o (.text)
                  0000f63a    00000066                      : ll_common.o (.text)
                  0000f6a0    00000066                      : ll_privacy.o (.text)
                  0000f706    00000066                      : ll_privacy.o (.text)
                  0000f76c    00000064     icall.obj (.text:ICall_send)
                  0000f7d0    00000064     cc26xx_profiles_pxxx.a : gattservapp.o (.text)
                  0000f834    00000064     rf_singleMode_cc26x0r2.aem3 : RFCC26XX_singleMode.oem3 (.text:fsmXOSCState)
                  0000f898    00000062     cc2640_ll_pxxx.a : ll_common.o (.text)
                  0000f8fa    00000062                      : ll_privacy.o (.text)
                  0000f95c    00000060     icall.obj (.text:ICall_enrollService)
                  0000f9bc    00000060     rf_singleMode_cc26x0r2.aem3 : RFCC26XX_singleMode.oem3 (.text:RF_getCurrentTime)
                  0000fa1c    00000060     cc2640_ll_pxxx.a : ll_common.o (.text)
                  0000fa7c    00000060                      : ll_common.o (.text)
                  0000fadc    0000005e     icall.obj (.text:ICall_fetchMsg)
                  0000fb3a    0000005e     cc2640_ll_pxxx.a : ll_common.o (.text)
                  0000fb98    0000005e     cc26xx_gatt_pxxx.a : gatt_client.o (.text)
                  0000fbf6    00000002     drivers_cc26x0r2.aem3 : PowerCC26XX.oem3 (.text:emptyClockFunc)
                  0000fbf8    0000005c     display.aem3 : Display.oem3 (.text:Display_doOpen)
                  0000fc54    0000005c     icall.obj (.text:ICall_pwrUpdActivityCounter)
                  0000fcb0    0000005c     drivers_cc26x0r2.aem3 : PowerCC26XX_calibrateRCOSC.oem3 (.text:PowerCC26XX_RCOSC_clockFunc)
                  0000fd0c    0000005c                           : PowerCC26XX.oem3 (.text:PowerCC26XX_calibrate)
                  0000fd68    0000005c     sdi_tl.obj (.text:SDITL_MRDYPinHwiFxn$24)
                  0000fdc4    0000005c     cc26xx_gatt_pxxx.a : gatt_client.o (.text)
                  0000fe20    0000005c     cc26xx_profiles_pxxx.a : gattservapp.o (.text)
                  0000fe7c    0000005c     simple_gatt_profile.obj (.text:simpleProfile_ReadAttrCB$18)
                  0000fed8    0000005c     app_ble_pem3.oem3 (.text:xdc_runtime_Startup_getState__I)
                  0000ff34    0000005a     UARTCC26XX.obj (.text:UARTCC26XX_control)
                  0000ff8e    0000005a     cc2640_hci_pxxx.a : hci.o (.text)
                  0000ffe8    0000005a     cc2640_ll_pxxx.a : ll_common.o (.text)
                  00010042    00000058     icall.obj (.text:ICall_wait)
                  0001009a    00000002     ble5_simple_peripheral_cc2640r2lp_stack_library.lib : hal_assert.obj (.text:halAssertHandler)
                  0001009c    00000058     drivers_cc26x0r2.aem3 : PINCC26XX.oem3 (.text:PIN_remove)
                  000100f4    00000058     cc2640_ll_pxxx.a : ll.o (.text)
                  0001014c    00000058                      : ll.o (.text)
                  000101a4    00000058                      : ll_common.o (.text)
                  000101fc    00000058                      : ll_common.o (.text)
                  00010254    00000058                      : ll_enc.o (.text)
                  000102ac    00000058     ble5_simple_peripheral_cc2640r2lp_stack_library.lib : osal_snv_wrapper.obj (.text:findItem$38)
                  00010304    00000058                                                         : gapbondmgr.obj (.text:gapBondMgrChangeState$41)
                  0001035c    00000058                                                         : gapbondmgr.obj (.text:gapBondMgrReadBonds$41)
                  000103b4    00000058                                                         : osal_cbtimer.obj (.text:osal_CbTimerStop)
                  0001040c    00000056     cc2640_ll_pxxx.a : ll_common.o (.text)
                  00010462    00000002     ble5_simple_peripheral_cc2640r2lp_stack_library.lib : hal_assert.obj (.text:halAssertSpinlock)
                  00010464    00000054                                                         : gapbondmgr.obj (.text:GAPBondMgr_LinkTerm)
                  000104b8    00000054     sdi_tl_uart.obj (.text:SDITLUART_writeCallBack$25)
                  0001050c    00000054     cc2640_hci_pxxx.a : hci_event.o (.text)
                  00010560    00000054     cc2640_ll_pxxx.a : ll.o (.text)
                  000105b4    00000054                      : ll_common.o (.text)
                  00010608    00000054     cc26xx_gap_pxxx.a : linkdb.o (.text)
                  0001065c    00000054     cc26xx_gatt_pxxx.a : gatt_client.o (.text)
                  000106b0    00000054     cc26xx_profiles_pxxx.a : gattservapp.o (.text)
                  00010704    00000054     rf_singleMode_cc26x0r2.aem3 : RFCC26XX_singleMode.oem3 (.text:hwiFxnHw)
                  00010758    00000054                                 : RFCC26XX_singleMode.oem3 (.text:ratChanFree)
                  000107ac    00000054     rtsv7M3_T_le_eabi.lib : exit.obj (.text)
                  00010800    00000052     cc2640_ll_pxxx.a : ll_common.o (.text)
                  00010852    00000002     icall_api_lite.obj (.text:rfErrCb)
                  00010854    00000050     ECCROMCC26XX.obj (.text:ECCROMCC26XX_Params_init)
                  000108a4    00000050     icall.obj (.text:ICall_registerApp)
                  000108f4    00000050     ble5_simple_peripheral_cc2640r2lp_stack_library.lib : npi.obj (.text:NPI_WriteTransport)
                  00010944    00000050     rf_singleMode_cc26x0r2.aem3 : RFCC26XX_singleMode.oem3 (.text:RF_getInfo)
                  00010994    00000050     util.obj (.text:Util_convertBdAddr2Str)
                  000109e4    00000050     cc2640_ll_pxxx.a : ll.o (.text)
                  00010a34    00000050                      : ll.o (.text)
                  00010a84    00000050                      : ll.o (.text)
                  00010ad4    00000050                      : ll_common.o (.text)
                  00010b24    00000050                      : ll_common.o (.text)
                  00010b74    00000050     ble5_simple_peripheral_cc2640r2lp_stack_library.lib : gapbondmgr.obj (.text:gapBondMgrSetStateFlagFromConnhandle$41)
                  00010bc4    00000050     UARTCC26XX.obj (.text:startTxFifoEmptyClk$8)
                  00010c14    0000004e     cc2640_ll_pxxx.a : ll.o (.text)
                  00010c62    0000004e                      : ll_common.o (.text)
                  00010cb0    0000004e                      : ll_privacy.o (.text)
                  00010cfe    00000002     app_ble_pem3.oem3 (.text:ti_sysbios_BIOS_nullFunc__I)
                  00010d00    0000004c     icall.obj (.text:ICall_newTask$9)
                  00010d4c    0000004c     rf_singleMode_cc26x0r2.aem3 : RFCC26XX_singleMode.oem3 (.text:RF_wakeupNotifyFxn)
                  00010d98    0000004c     sdi_task.obj (.text:SDITask_createTask)
                  00010de4    0000004c     cc26xx_gap_pxxx.a : gap_perilinkmgr.o (.text)
                  00010e30    0000004c     ble5_simple_peripheral_cc2640r2lp_stack_library.lib : gapbondmgr.obj (.text:gapBondMgrUpdateLruBondList$41)
                  00010e7c    0000004c                                                         : gapbondmgr.obj (.text:gapBondStateDoGATTDisc$41)
                  00010ec8    0000004c                                                         : osal_bufmgr.obj (.text:osal_bm_free)
                  00010f14    0000004c     rtsv7M3_T_le_eabi.lib : cpy_tbl.obj (.text)
                  00010f60    0000004c     rf_singleMode_cc26x0r2.aem3 : RFCC26XX_singleMode.oem3 (.text:syncCb)
                  00010fac    0000004a     cc26xx_sm_pxxx.a : sm_mgr.o (.text)
                  00010ff6    00000002     app_ble_pem3.oem3 (.text:ti_sysbios_rom_cortexm_cc26xx_r2_CC26xx_badRomRevision__E)
                  00010ff8    00000048     dpl_cc26x0r2.aem3 : ClockP_tirtos.oem3 (.text:ClockP_construct)
                  00011040    00000048     ECCROMCC26XX.obj (.text:ECC_initGlobals$6)
                  00011088    00000048     ble5_simple_peripheral_cc2640r2lp_stack_library.lib : gapbondmgr.obj (.text:GAPBondMgr_ReadGattChar)
                  000110d0    00000048     drivers_cc26x0r2.aem3 : PINCC26XX.oem3 (.text:PIN_setOutputEnable)
                  00011118    00000048     simple_peripheral.obj (.text:SimpleBLEPeripheral_enqueueMsg$2)
                  00011160    00000048     util.obj (.text:Util_constructClock)
                  000111a8    00000048     cc2640_ll_pxxx.a : ll.o (.text)
                  000111f0    00000048                      : ll.o (.text)
                  00011238    00000048     ble5_simple_peripheral_cc2640r2lp_stack_library.lib : osal_timers.obj (.text:osalAddTimer)
                  00011280    00000048     rom_sysbios.aem3 : rom_sysbios.obj (.text:ti_sysbios_family_arm_cc26xx_Timer_setThreshold__I)
                  000112c8    00000046     cc26xx_gatt_pxxx.a : gatt_client.o (.text)
                  0001130e    00000002     rom_sysbios.aem3 : rom_sysbios.obj (.text:xdc_runtime_SysCallback_defaultAbort)
                  00011310    00000044     driverlib.lib : osc.obj (.text:NOROM_OSCHF_SwitchToRcOscTurnOffXosc)
                  00011354    00000044     drivers_cc26x0r2.aem3 : PINCC26XX.oem3 (.text:PIN_swi)
                  00011398    00000044                           : RingBuf.oem3 (.text:RingBuf_put)
                  000113dc    00000044     boot.aem3 : boot.oem3 (.text)
                  00011420    00000044     cc2640_ll_pxxx.a : ll.o (.text)
                  00011464    00000044                      : ll.o (.text)
                  000114a8    00000044                      : ll_common.o (.text)
                  000114ec    00000044                      : ll_scheduler.o (.text)
                  00011530    00000044     cc26xx_profiles_pxxx.a : gattservapp.o (.text)
                  00011574    00000044     ble5_simple_peripheral_cc2640r2lp_stack_library.lib : osal_snv_wrapper.obj (.text:erasePage$38)
                  000115b8    00000044     drivers_cc26x0r2.aem3 : PowerCC26XX.oem3 (.text:notify)
                  000115fc    00000044     ble5_simple_peripheral_cc2640r2lp_stack_library.lib : osal_timers.obj (.text:osal_start_timerEx)
                  00011640    00000042                                                         : gapbondmgr.obj (.text:GAPBondMgr_UpdateCharCfg)
                  00011682    00000042                                                         : gap.obj (.text:GAP_DeviceInit)
                  000116c4    00000042     cc2640_ll_pxxx.a : ble.o (.text)
                  00011706    00000042                      : ll.o (.text)
                  00011748    00000042                      : ll_common.o (.text)
                  0001178a    00000002     rom_sysbios.aem3 : rom_sysbios.obj (.text:xdc_runtime_SysCallback_defaultExit)
                  0001178c    00000040     ECCROMCC26XX.obj (.text:ECCROMCC26XX_init)
                  000117cc    00000040     peripheral.obj (.text:GAPRole_createTask)
                  0001180c    00000040     dpl_cc26x0r2.aem3 : HwiP_tirtos.oem3 (.text:HwiP_construct)
                  0001184c    00000040     rf_singleMode_cc26x0r2.aem3 : RFCC26XX_singleMode.oem3 (.text:RF_getRssi)
                  0001188c    00000040     cc2640_ll_pxxx.a : ll.o (.text)
                  000118cc    00000040                      : ll.o (.text)
                  0001190c    00000040                      : ll.o (.text)
                  0001194c    00000040                      : ll_common.o (.text)
                  0001198c    00000040                      : ll_isr.o (.text)
                  000119cc    00000040     cc26xx_profiles_pxxx.a : gattservapp.o (.text)
                  00011a0c    00000040     rom_sysbios.aem3 : rom_sysbios.obj (.text:ti_sysbios_heaps_HeapCallback_Module_startup__E)
                  00011a4c    0000003e     drivers_cc26x0r2.aem3 : RingBuf.oem3 (.text:RingBuf_get)
                  00011a8a    0000003e     cc2640_ll_pxxx.a : ll_common.o (.text)
                  00011ac8    0000003e     cc26xx_gatt_pxxx.a : gatt_client.o (.text)
                  00011b06    00000002     --HOLE-- [fill = 0]
                  00011b08    0000003c     driverlib.lib : osc.obj (.text:NOROM_OSC_HPOSCRelativeFrequencyOffsetGet)
                  00011b44    0000003c                   : rfc.obj (.text:NOROM_RFCSynthPowerDown)
                  00011b80    0000003c     drivers_cc26x0r2.aem3 : PowerCC26XX.oem3 (.text:PowerCC26XX_isStableXOSC_HF)
                  00011bbc    0000003c                           : PowerCC26XX.oem3 (.text:PowerCC26XX_switchXOSC_HF)
                  00011bf8    0000003c     rf_singleMode_cc26x0r2.aem3 : RFCC26XX_singleMode.oem3 (.text:RF_runCmd)
                  00011c34    0000003c     sdi_tl_uart.obj (.text:SDITLUART_stopTransfer)
                  00011c70    0000003c     simple_peripheral.obj (.text:SimpleBLEPeripheral_createTask)
                  00011cac    0000003c     simple_gatt_profile.obj (.text:SimpleProfile_GetParameter)
                  00011ce8    0000003c     dpl_cc26x0r2.aem3 : SwiP_tirtos.oem3 (.text:SwiP_construct)
                  00011d24    0000003c     cc2640_ll_pxxx.a : ll_common.o (.text)
                  00011d60    0000003c                      : ll_scheduler.o (.text)
                  00011d9c    0000003c     cc26xx_profiles_pxxx.a : gattservapp.o (.text)
                  00011dd8    0000003c                            : gattservapp.o (.text)
                  00011e14    0000003c                            : gattservapp.o (.text)
                  00011e50    0000003c     ble5_simple_peripheral_cc2640r2lp_stack_library.lib : osal_bufmgr.obj (.text:osal_bm_alloc)
                  00011e8c    0000003c                                                         : osal_timers.obj (.text:osal_start_reload_timer)
                  00011ec8    0000003c     rf_singleMode_cc26x0r2.aem3 : RFCC26XX_singleMode.oem3 (.text:postDirImmCmd)
                  00011f04    0000003c     rom_sysbios.aem3 : rom_sysbios.obj (.text:ti_sysbios_family_arm_m3_Hwi_construct2__E)
                  00011f40    0000003a     cc2640_ll_pxxx.a : ll_common.o (.text)
                  00011f7a    0000003a     cc26xx_gatt_pxxx.a : gatt_client.o (.text)
                  00011fb4    0000003a     cc26xx_sm_pxxx.a : sm_mgr.o (.text)
                  00011fee    00000002     --HOLE-- [fill = 0]
                  00011ff0    00000038     board_key.obj (.text:Board_keyCallback$1)
                  00012028    00000038     drivers_cc26x0r2.aem3 : PINCC26XX.oem3 (.text:PIN_setOutputValue)
                  00012060    00000038     UARTCC26XX.obj (.text:UARTCC26XX_swiIntFxn)
                  00012098    00000038     util.obj (.text:Util_restartClock)
                  000120d0    00000038     cc2640_ll_pxxx.a : ble.o (.text)
                  00012108    00000038                      : ll.o (.text)
                  00012140    00000038                      : ll_common.o (.text)
                  00012178    00000038                      : ll_common.o (.text)
                  000121b0    00000038                      : ll_common.o (.text)
                  000121e8    00000038                      : ll_common.o (.text)
                  00012220    00000038                      : ll_common.o (.text)
                  00012258    00000038                      : ll_privacy.o (.text)
                  00012290    00000038                      : ll_scheduler.o (.text)
                  000122c8    00000038                      : ll_scheduler.o (.text)
                  00012300    00000038     cc26xx_l2cap_pxxx.a : l2cap_util.o (.text)
                  00012338    00000038     ble5_simple_peripheral_cc2640r2lp_stack_library.lib : osal_snv_wrapper.obj (.text:disableCache$38)
                  00012370    00000038     rf_singleMode_cc26x0r2.aem3 : RFCC26XX_singleMode.oem3 (.text:dispatchOpWhen)
                  000123a8    00000038     ble5_simple_peripheral_cc2640r2lp_stack_library.lib : osal.obj (.text:osal_alien2proxy)
                  000123e0    00000038                                                         : osal.obj (.text:osal_msec_timer_cback$33)
                  00012418    00000038                                                         : osal_timers.obj (.text:osal_stop_timerEx)
                  00012450    00000038     two_btn_menu.obj (.text:tbm_goTo)
                  00012488    00000038     rom_sysbios.aem3 : rom_sysbios.obj (.text:ti_sysbios_family_arm_cc26xx_Timer_getCurrentTick__E)
                  000124c0    00000036     drivers_cc26x0r2.aem3 : CryptoCC26XX.oem3 (.text:CryptoCC26XX_loadKey)
                  000124f6    00000002     --HOLE-- [fill = 0]
                  000124f8    00000034     gattservapp_util.obj (.text:GATTServApp_InitCharCfg)
                  0001252c    00000034     icall.obj (.text:ICall_heapFree)
                  00012560    00000034     icall.obj (.text:ICall_searchServiceEntity)
                  00012594    00000034     drivers_cc26x0r2.aem3 : PINCC26XX.oem3 (.text:PIN_setConfig)
                  000125c8    00000034                           : PowerCC26XX.oem3 (.text:Power_releaseConstraint)
                  000125fc    00000034     rf_singleMode_cc26x0r2.aem3 : RFCC26XX_singleMode.oem3 (.text:Q_push)
                  00012630    00000034     sdi_tl.obj (.text:SDITL_readTL)
                  00012664    00000034     cc2640_ll_pxxx.a : ble.o (.text)
                  00012698    00000034                      : ll.o (.text)
                  000126cc    00000034                      : ll_common.o (.text)
                  00012700    00000034                      : ll_scheduler.o (.text)
                  00012734    00000034     cc26xx_gatt_pxxx.a : gatt_client.o (.text)
                  00012768    00000034     cc26xx_hci_tl_none.a : hci_tl.o (.text)
                  0001279c    00000034     ble5_simple_peripheral_cc2640r2lp_stack_library.lib : osal.obj (.text:osal_clear_event)
                  000127d0    00000034     two_btn_menu.obj (.text:tbm_findActiveItem)
                  00012804    00000034     rom_sysbios.aem3 : rom_sysbios.obj (.text:ti_sysbios_family_arm_cc26xx_Timer_initDevice__I)
                  00012838    00000032     icall.obj (.text:ICall_fetchServiceMsg)
                  0001286a    00000032     rom_sysbios.aem3 : rom_sysbios.obj (.text:ti_sysbios_family_arm_cc26xx_Timer_setNextTick__E)
                  0001289c    00000032     UARTCC26XX.obj (.text:writeData$8)
                  000128ce    00000002     --HOLE-- [fill = 0]
                  000128d0    00000030     peripheral.obj (.text:GAPRole_TerminateConnection)
                  00012900    00000030     ble5_simple_peripheral_cc2640r2lp_stack_library.lib : hal_flash_wrapper.obj (.text:HalFlashRead)
                  00012930    00000030     icall.obj (.text:ICall_dispatch$9)
                  00012960    00000030     icall.obj (.text:ICall_msecs2Ticks$9)
                  00012990    00000030     icall.obj (.text:ICall_primEntityId2ServiceId$9)
                  000129c0    00000030     icall.obj (.text:ICall_searchTask$9)
                  000129f0    00000030     drivers_cc26x0r2.aem3 : PowerCC26XX.oem3 (.text:Power_setConstraint)
                  00012a20    00000030     cc2640_ll_pxxx.a : ll.o (.text)
                  00012a50    00000030                      : ll.o (.text)
                  00012a80    00000030     cc26xx_att_pxxx.a : att_client.o (.text)
                  00012ab0    00000030     cc26xx_gap_pxxx.a : gap_configmgr.o (.text)
                  00012ae0    00000030     cc26xx_profiles_pxxx.a : gattservapp.o (.text)
                  00012b10    00000030     ble5_simple_peripheral_cc2640r2lp_stack_library.lib : osal_timers.obj (.text:osal_get_timeoutEx)
                  00012b40    00000030     two_btn_menu.obj (.text:tbm_setItemStatus)
                  00012b70    00000030     app_ble_pem3.oem3 (.text:ti_sysbios_BIOS_atExitFunc__I)
                  00012ba0    00000030     app_ble_pem3.oem3 (.text:ti_sysbios_BIOS_startFunc__I)
                  00012bd0    00000030     app_ble_pem3.oem3 (.text:ti_sysbios_heaps_HeapCallback_Object__create__S)
                  00012c00    0000002e     icall_cc2650.obj (.text:ICallPlatform_pwrDispenseImpl$10)
                  00012c2e    0000002e     icall_cc2650.obj (.text:ICallPlatform_pwrRequireImpl$10)
                  00012c5c    0000002e     cc2640_ll_pxxx.a : ll.o (.text)
                  00012c8a    0000002e                      : ll_privacy.o (.text)
                  00012cb8    0000002e                      : ll_privacy.o (.text)
                  00012ce6    0000002e     cc26xx_gatt_pxxx.a : gatt_client.o (.text)
                  00012d14    0000002e     cc26xx_profiles_pxxx.a : gattservapp.o (.text)
                  00012d42    0000002e     ble5_simple_peripheral_cc2640r2lp_stack_library.lib : osal.obj (.text:osal_build_uint32)
                  00012d70    0000002e     UARTCC26XX.obj (.text:readData$8)
                  00012d9e    00000002     --HOLE-- [fill = 0]
                  00012da0    0000002c     icall.obj (.text:ICall_getLocalMsgEntityId)
                  00012dcc    0000002c     icall.obj (.text:ICall_msgEnqueue$9)
                  00012df8    0000002c     driverlib.lib : chipinfo.obj (.text:NOROM_ChipInfo_GetChipFamily)
                  00012e24    0000002c     drivers_cc26x0r2.aem3 : PINCC26XX.oem3 (.text:PINCC26XX_setMux)
                  00012e50    0000002c     sdi_tl_uart.obj (.text:SDITLUART_readTransport)
                  00012e7c    0000002c     dpl_cc26x0r2.aem3 : SemaphoreP_tirtos.oem3 (.text:SemaphoreP_constructBinary)
                  00012ea8    0000002c     ble5_simple_peripheral_cc2640r2lp_stack_library.lib : ble_dispatch_lite.obj (.text:bleDispatch_BMAlloc)
                  00012ed4    0000002c     cc2640_ll_pxxx.a : ble.o (.text)
                  00012f00    0000002c                      : ll.o (.text)
                  00012f2c    0000002c     cc26xx_profiles_pxxx.a : gattservapp.o (.text)
                  00012f58    0000002c     cc26xx_sm_pxxx.a : sm_mgr.o (.text)
                  00012f84    0000002c                      : sm_pairing.o (.text)
                  00012fb0    0000002c                      : sm_pairing.o (.text)
                  00012fdc    0000002c     ble5_simple_peripheral_cc2640r2lp_stack_library.lib : osal_snv_wrapper.obj (.text:findOffset$38)
                  00013008    0000002c                                                         : gapbondmgr.obj (.text:gapBondMgrFindAddr$41)
                  00013034    0000002c                                                         : gapbondmgr.obj (.text:gapBondMgr_SyncWhiteList$41)
                  00013060    0000002c     rf_singleMode_cc26x0r2.aem3 : RFCC26XX_singleMode.oem3 (.text:getCmd)
                  0001308c    0000002c     rom_sysbios.aem3 : rom_sysbios.obj (.text:ti_sysbios_knl_Clock_getTicksUntilInterrupt__E)
                  000130b8    0000002a     display.aem3 : Display.oem3 (.text:Display_doPrintf)
                  000130e2    0000002a     cc2640_ll_pxxx.a : ll_common.o (.text)
                  0001310c    0000002a     rom_sysbios.aem3 : rom_sysbios.obj (.text:ti_sysbios_knl_Clock_getTimeout__E)
                  00013136    00000002     --HOLE-- [fill = 0]
                  00013138    00000028     driverlib.lib : rfc.obj (.text:NOROM_RFCDoorbellSendTo)
                  00013160    00000028     drivers_cc26x0r2.aem3 : PowerCC26XX.oem3 (.text:Power_registerNotify)
                  00013188    00000028     driverlib.lib : adi.obj (.text:SafeHapiVoid)
                  000131b0    00000028     TRNGCC26XX.obj (.text:TRNGCC26XX_init)
                  000131d8    00000028     UART.obj (.text:UART_open)
                  00013200    00000028     cc2640_ll_pxxx.a : ll.o (.text)
                  00013228    00000028                      : ll_privacy.o (.text)
                  00013250    00000028     cc26xx_gatt_pxxx.a : gatt_client.o (.text)
[...]
200045a4  gapUnwantedTaskID                                                         
200045a5  reqTaskId                                                                 
200045a6  gattAppTaskID                                                             
200045a7  appTaskID                                                                 
200045a8  flowCtrlTaskId                                                            
200045a9  SM_appTaskID                                                              
200046ec  scanDataEntry                                                             
200047cc  wlTable                                                                   
200048a8  wlTableScan                                                               
20004988  rfObject                                                                  
20004a20  advCmd                                                                    
20004a68  localEccKeys                                                              
20004aac  initDataEntry                                                             
20004b1c  l2capFixedChannels                                                        
20004b4c  linkCBs                                                                   
20004b7c  eccParams                                                                 
20004bac  initParam                                                                 
20004bd0  scanParam                                                                 
20004bf4  advParam                                                                  
20004c14  cryptoPRAND                                                               
20004c34  txModemTestCmd                                                            
20004c50  gapParams                                                                 
20004c6c  initCmd                                                                   
20004c84  connReqData                                                               
20004c9c  scanCmd                                                                   
20004cb4  scanOutput                                                                
20004ce4  rxModemTestCmd                                                            
20004cfc  rsp                                                                       
20004d14  fwParDtmCmd                                                               
20004d44  fwParRfCmd                                                                
20004d5c  connOutput                                                                
20004d70  rxTestParam                                                               
20004d84  initDataQueue                                                             
20004d94  scanDataQueue                                                             
20004da4  advDataQueue                                                              
20004db4  advOutput                                                                 
20004dc4  txTestParam                                                               
20004dd4  initOutput                                                                
20004de0  rxTestOut                                                                 
20004df8  cachedTRNGdata                                                            
20004e04  gapCurrentRandomAddr                                                      
20004e0c  slaveUpdateReq                                                            
20004e14  pBleEvtMask                                                               
20004e1c  pHciEvtMask                                                               
20004e24  pHciEvtMask2                                                              
20004e2c  ownPublicAddr                                                             
20004e34  ownRandomAddr                                                             
20004e3c  ownSavedPublicAddr                                                        
20004e44  fwImmedCmd                                                                
20004e4c  attServerNotifyTxCB                                                       
20004e50  rfEvent                                                                   
20004e58  fwParCmd                                                                  
20004e60  verInfo                                                                   
20004e68  llConns                                                                   
20004e70  fwParamImmedCmd                                                           
20004e78  privInfo                                                                  
20004e88  rxDataQ                                                                   
20004e8c  txDataQ                                                                   
20004e90  rxRingBuf                                                                 
20004e94  txTestOut                                                                 
20004e98  pGapDiscReq                                                               
20004e9c  pGapAdvertState                                                           
20004ea0  pEstLink                                                                  
20004ea4  pAuthLink                                                                 
20004ea8  pfnCentralConnCBs                                                         
20004eac  pfnPeripheralConnCBs                                                      
20004eb0  pGapAdvTokens                                                             
20004eb4  pGapAdData                                                                
20004eb8  pGapScanRspData                                                           
20004ebc  pfnPeripheralCBs                                                          
20004ec0  pfnCentralCBs                                                             
20004ec4  pfnBondMgrCBs                                                             
20004ec8  serverInfoTbl                                                             
20004ecc  pServiceList                                                              
20004ed0  pfnServerProcessMsgCB                                                     
20004ed4  pfnClientProcessMsgCB                                                     
20004ed8  prepareWritesTbl                                                          
20004edc  serviceCBsList                                                            
20004ee0  pAttrValue                                                                
20004ee4  l2capChannels                                                             
20004ee8  linkDB                                                                    
20004eec  rfHandle                                                                  
20004ef0  rfDrvTblPtr                                                               
20004ef4  eccDrvTblPtr                                                              
20004ef8  cryptoDrvTblPtr                                                           
20004efc  trngDrvTblPtr                                                             
20004f00  activeConns                                                               
20004f04  SysBootMsg                                                                
20004f08  sclkSrc                                                                   
20004f0c  buildInfo                                                                 
20004f10  advInfo                                                                   
20004f18  initInfo                                                                  
20004f20  taskEndAction                                                             
20004f24  encParams                                                                 
20004f28  encHandle                                                                 
20004f2c  encKey                                                                    
20004f30  pPairingParams                                                            
20004f34  pfnResponderCBs                                                           
20004f38  pfnInitiatorCBs                                                           
20004f3c  gapLimitedAdvertisingTimeout                                              
20004f3e  attrLen                                                                   
20004f40  numHostBufs                                                               
20004f42  rfCmdHandle                                                               
20004f44  connInitialMaxTxOctets                                                    
20004f46  connInitialMaxTxTime                                                      
20004f48  supportedMaxTxOctets                                                      
20004f4a  supportedMaxTxTime                                                        
20004f4c  supportedMaxRxOctets                                                      
20004f4e  supportedMaxRxTime                                                        
20004f50  taskEndStatus                                                             
20004f52  postRfOperations                                                          
20004f54  rfCfgAdiVal                                                               
20004f58  gapProfileRole                                                            
20004f59  gapDeviceAddrMode                                                         
20004f5a  gapState                                                                  
20004f5b  terminateAllTaskID                                                        
20004f5c  terminateReason                                                           
20004f5d  gapTaskID                                                                 
20004f5e  gattNumConns                                                              
20004f5f  gattTaskID                                                                
20004f60  GATTServApp_TaskID                                                        
20004f61  maxNumPrepareWrites                                                       
20004f62  hciPTMenabled                                                             
20004f63  ctrlToHostEnable                                                          
20004f64  l2capFlowCtrlMode                                                         
20004f65  l2capTaskID                                                               
20004f66  l2capNumChannels                                                          
20004f67  l2capNumDataPkts                                                          
20004f68  l2capId                                                                   
20004f69  linkDBNumConns                                                            
20004f6a  linkDB_secureConnectionOnlyMode                                           
20004f6b  maxPduSize                                                                
20004f6c  rfFeModeBias                                                              
20004f6d  maxNumTxDataBufs                                                          
20004f6e  LL_TaskID                                                                 
20004f6f  llState                                                                   
20004f70  rssiCorrection                                                            
20004f71  curTxPowerVal                                                             
20004f72  maxTxPwrForDTM                                                            
20004f73  onePktPerEvt                                                              
20004f74  numComplPkts                                                              
20004f75  numComplPktsLimit                                                         
20004f76  numComplPktsFlush                                                         
20004f77  fastTxRespTime                                                            
20004f78  slOverride                                                                
20004f79  rxFifoFlowCtrl                                                            
20004f7a  numTxDataBufs                                                             
20004f7b  maxNumConns                                                               
20004f7c  smTaskID                                                                  
20004f7d  SM_appExpectingKey                                                        
20004f80  ECC_DATA$$Base                                                            
20004f80  eccRom_param_Gx                                                           
20004f84  eccRom_param_Gy                                                           
20004f88  eccRom_workzone                                                           
20004f8c  eccRom_param_p                                                            
20004f90  eccRom_param_r                                                            
20004f94  eccRom_param_a                                                            
20004f98  eccRom_param_b                                                            
20004f9c  eccRom_windowSize                                                         
20004fa0  aux64                                                                     
20004fa8  MOD                                                                       
20004fac  LEN                                                                       
20004fb0  inScalar                                                                  
20004fb4  inPointX                                                                  
20004fb8  inPointY                                                                  
20004fbc  outPointX                                                                 
20004fc0  outPointY                                                                 
20004fc4  SCAL                                                                      
20004fc8  EXPX                                                                      
20004fcc  EXPY                                                                      
20004fd0  EXPZ                                                                      
20004fd4  EXPW                                                                      
20004fd8  ACCX                                                                      
20004fdc  ACCY                                                                      
20004fe0  ACCZ                                                                      
20004fe4  TMP1                                                                      
20004fe8  TMP2                                                                      
20004fec  TMP3                                                                      
20004ff0  TMP4                                                                      
20004ff4  TMP5                                                                      
20004ff8  TMP6                                                                      
20004ffc  MSBMOD                                                                    
20005000  ECC_DATA$$Limit                                                           
20005000  __UNUSED_SRAM_end__                                                       
e000e000  ti_sysbios_family_arm_m3_Hwi_nvic                                         
ffffffff  __TI_pprof_out_hndl                                                       
ffffffff  __TI_prof_data_size                                                       
ffffffff  __TI_prof_data_start                                                      
ffffffff  __binit__                                                                 
ffffffff  __c_args__                                                                
ffffffff  binit                                                                     
UNDEFED   ClockP_getSystemTicks                                                     
UNDEFED   HwiP_restore                                                              
UNDEFED   SHT$$INIT_ARRAY$$Base                                                     
UNDEFED   SHT$$INIT_ARRAY$$Limit                                                    
UNDEFED   SwiP_restore                                                              
UNDEFED   ti_sysbios_BIOS_RtsGateProxy_Handle__label__S__mangled__                  
UNDEFED   ti_sysbios_BIOS_RtsGateProxy_Params__init__S__mangled__                   
UNDEFED   ti_sysbios_BIOS_RtsGateProxy_query__E__mangled__                          
UNDEFED   ti_sysbios_hal_Hwi_HwiProxy_Module__startupDone__S__mangled__             
UNDEFED   ti_sysbios_hal_Hwi_HwiProxy_Params__init__S__mangled__                    
UNDEFED   ti_sysbios_hal_Hwi_HwiProxy_disableInterrupt__E__mangled__                
UNDEFED   ti_sysbios_hal_Hwi_HwiProxy_enableInterrupt__E__mangled__                 
UNDEFED   ti_sysbios_hal_Hwi_HwiProxy_getStackInfo__E__mangled__                    
UNDEFED   ti_sysbios_hal_Hwi_HwiProxy_startup__E__mangled__                         
UNDEFED   ti_sysbios_hal_Hwi_HwiProxy_switchFromBootStack__E__mangled__             
UNDEFED   ti_sysbios_hal_Hwi_disableInterrupt__E                                    
UNDEFED   ti_sysbios_hal_Hwi_enableInterrupt__E                                     
UNDEFED   ti_sysbios_hal_Hwi_getStackInfo__E                                        
UNDEFED   ti_sysbios_hal_Hwi_startup__E                                             
UNDEFED   ti_sysbios_hal_Hwi_switchFromBootStack__E                                 
UNDEFED   ti_sysbios_heaps_HeapMem_Module_GateProxy_Handle__label__S__mangled__     
UNDEFED   ti_sysbios_heaps_HeapMem_Module_GateProxy_Params__init__S__mangled__      
UNDEFED   ti_sysbios_heaps_HeapMem_Module_GateProxy_query__E__mangled__             
UNDEFED   ti_sysbios_knl_Clock_TimerProxy_Module__startupDone__S__mangled__         
UNDEFED   ti_sysbios_knl_Clock_TimerProxy_startup__E__mangled__                     
UNDEFED   ti_sysbios_knl_Task_SupportProxy_Module__startupDone__S__mangled__        
UNDEFED   ti_sysbios_knl_Task_SupportProxy_getStackAlignment__E__mangled__          
UNDEFED   ti_sysbios_knl_Task_SupportProxy_start__E__mangled__                      
UNDEFED   ti_sysbios_knl_Task_SupportProxy_swap__E__mangled__                       
UNDEFED   xdc_runtime_Main_Module_GateProxy_Handle__label__S                        
UNDEFED   xdc_runtime_Main_Module_GateProxy_query__E                                
UNDEFED   xdc_runtime_Memory_HeapProxy_Handle__label__S__mangled__                  
UNDEFED   xdc_runtime_System_Module_GateProxy_Handle__label__S__mangled__           
UNDEFED   xdc_runtime_System_Module_GateProxy_query__E__mangled__                   
UNDEFED   xdc_runtime_System_SupportProxy_abort__E                                  
UNDEFED   xdc_runtime_System_SupportProxy_exit__E                                   
UNDEFED   xdc_runtime_Timestamp_SupportProxy_get64__E__mangled__                    
UNDEFED   xdc_runtime_Timestamp_SupportProxy_getFreq__E__mangled__                  
UNDEFED   xdc_runtime_Timestamp_get32__E                                            
UNDEFED   xdc_runtime_Timestamp_get64__E                                            
UNDEFED   xdc_runtime_Timestamp_getFreq__E                                          

[2296 symbols]
